// Jest Snapshot v1, https://goo.gl/fbAQLP

exports[`Sort renders correctly 1`] = `
<div>
  <h6
    className="sc-htpNat iacXlz"
  >
    Sort
  </h6>
  <div
    className="sc-hSdWYo eiXuPs"
  >
    <div
      className="sc-eHgmQL ctFGhs"
    >
      <a
        className="sc-cvbbAY gidDCq"
      >
        Recent
      </a>
      <a
        className="sc-cvbbAY gidDCq"
      >
        Featured
      </a>
      <a
        className="sc-cvbbAY gidDCq"
      >
        Trending
      </a>
      <a
        className="sc-cvbbAY gidDCq"
      >
        Favorites
      </a>
    </div>
    <div
      className="sc-eHgmQL ctFGhs"
    >
      <a
        className="sc-cvbbAY gidDCq"
      >
        All Time
      </a>
      <a
        className="sc-cvbbAY gidDCq"
      >
        Past Year
      </a>
      <a
        className="sc-cvbbAY gidDCq"
      >
        Past Month
      </a>
      <a
        className="sc-cvbbAY gidDCq"
      >
        Past Week
      </a>
    </div>
  </div>
</div>
`;
