// Jest Snapshot v1, https://goo.gl/fbAQLP

exports[`Tags renders correctly 1`] = `
<div>
  <h6
    className="sc-htpNat iacXlz"
  >
    Tags
  </h6>
  <div
    className="sc-jWBwVP fJqglE"
  >
    <a
      className="sc-brqgnP buTaTv"
      href="/tags/art"
    >
      Art
    </a>
    <a
      className="sc-brqgnP buTaTv"
    >
      Fun
    </a>
    <a
      className="sc-brqgnP buTaTv"
    >
      Games
    </a>
    <a
      className="sc-brqgnP buTaTv"
    >
      General
    </a>
    <a
      className="sc-brqgnP buTaTv"
    >
      News
    </a>
    <a
      className="sc-brqgnP buTaTv"
    >
      Language
    </a>
    <a
      className="sc-brqgnP buTaTv"
    >
      Vision
    </a>
    <a
      className="sc-brqgnP buTaTv"
    >
      Reinforcment
    </a>
    <a
      className="sc-brqgnP buTaTv"
    >
      Unsupervised
    </a>
    <a
      className="sc-brqgnP buTaTv"
    >
      Games
    </a>
    <a
      className="sc-brqgnP buTaTv"
    >
      General
    </a>
    <a
      className="sc-brqgnP buTaTv"
    >
      News
    </a>
    <a
      className="sc-brqgnP buTaTv"
    >
      Language
    </a>
    <a
      className="sc-brqgnP buTaTv"
    >
      Vision
    </a>
    <a
      className="sc-brqgnP buTaTv"
    >
      Art
    </a>
    <a
      className="sc-brqgnP buTaTv"
    >
      Fun
    </a>
    <a
      className="sc-brqgnP buTaTv"
    >
      Games
    </a>
    <a
      className="sc-brqgnP buTaTv"
    >
      General
    </a>
    <a
      className="sc-brqgnP buTaTv"
    >
      News
    </a>
    <a
      className="sc-brqgnP buTaTv"
    >
      Language
    </a>
    <a
      className="sc-brqgnP buTaTv"
    >
      Vision
    </a>
  </div>
</div>
`;
